=== 测试 1: 获取 buvid3 ===
code: 0
buvid3: C16A49B2-D4BF-869A-D90F-6072864A5E5004691infoc
buvid4: 1DA2062D-A38E-315F-449A-00CED732FBC104691-026082700-eJlB6i0oB65hE1tJLwv/yA==

=== 测试 2: 抓取 newplayer.html ===
status: 200
x-frame-options: null
content-type: text/html; charset=utf-8
html length: 9175
has </head>: true
has </body>: true
api.bilibili.com refs: 0

=== 测试 3: 用 buvid3 调 playurl 接口 ===
cid: 37042458513
playurl code: 0
playurl message: OK
dash video qualities: 32p, 16p